Refining reads of /home/patienza/oscars/erga/data/Canis_aureus/m64358e_220706_164001.reads.bam
Done IsoSeq refine.
Clustering
| 20260212 15:26:02.569 | INFO | Snapshot : (Legend) % CPU / Threads / ResMem GiB
| 20260212 15:26:02.569 | INFO | Effective commandline : cluster2 /home/patienza/oscars/erga/preprocessing/C_aureus/C_aureus_refine.bam /home/patienza/oscars/erga/preprocessing/C_aureus/C_aureus_cluster.bam
| 20260212 15:26:02.569 | INFO | Version               : 4.3.0 (commit v4.3.0)
| 20260212 15:26:02.569 | INFO | Options 
| 20260212 15:26:02.569 | INFO | - CPU threads         : 80
| 20260212 15:26:02.569 | INFO | - Sorting threads     : 80
| 20260212 15:26:02.569 | INFO | - Kmer size           : 17
| 20260212 15:26:02.569 | INFO | - Merge rounds        : 2
| 20260212 15:26:02.569 | INFO | - 5' overhang         : 100
| 20260212 15:26:02.569 | INFO | - 3' overhang         : 30
| 20260212 15:26:02.569 | INFO | - 5' errors           : 5
| 20260212 15:26:02.569 | INFO | - 3' errors           : 10
| 20260212 15:26:02.569 | INFO | - 5' non-match window : 10
| 20260212 15:26:02.569 | INFO | - 3' non-match window : 10
| 20260212 15:26:02.569 | INFO | - Max gaps            : 5
| 20260212 15:26:02.569 | INFO | - Gap window          : 20
| 20260212 15:26:02.569 | INFO | - Max consensus cov   : 50
| 20260212 15:26:02.569 | INFO | - Deduplicate         : True
| 20260212 15:26:02.569 | INFO | - Break clusters      : True
| 20260212 15:26:02.569 | INFO | - Break consensus     : True
| 20260212 15:26:02.569 | INFO | - Output singletons   : False
| 20260212 15:26:02.569 | INFO | - POA intermediate    : False
| 20260212 15:26:02.569 | INFO | - POA final           : True
| 20260212 15:26:02.569 | INFO | - Use QVs for POA     : False
| 20260212 15:26:02.569 | INFO | Snapshot : 0.0% / 3T / 0.0G
| 20260212 15:26:02.577 | INFO | Temp file name        : /scr/patienza/tmp/tmp.3748996.bam
| 20260212 15:26:02.577 | INFO | Get offsets
| 20260212 15:26:07.569 | INFO | Snapshot : 748.6% / 84T / 0.1G
| 20260212 15:26:12.570 | INFO | Snapshot : 733.2% / 84T / 0.1G
| 20260212 15:26:17.569 | INFO | Snapshot : 741.9% / 84T / 0.1G
| 20260212 15:26:22.569 | INFO | Snapshot : 690.2% / 84T / 0.1G
| 20260212 15:26:27.569 | INFO | Snapshot : 705.4% / 84T / 0.2G
| 20260212 15:26:32.569 | INFO | Snapshot : 772.2% / 84T / 0.2G
| 20260212 15:26:37.569 | INFO | Snapshot : 761.0% / 84T / 0.2G
| 20260212 15:26:42.361 | INFO | Get offsets           : 39s 783ms 
| 20260212 15:26:42.361 | INFO | Consolidate offsets
| 20260212 15:26:42.416 | INFO | Consolidate offsets   : 54ms 836us 
| 20260212 15:26:42.416 | INFO | Sorting
| 20260212 15:26:42.569 | INFO | Snapshot : 300.0% / 3T / 0.3G
| 20260212 15:26:42.634 | INFO | Sorting               : 217ms 903us 
| 20260212 15:26:42.683 | INFO | Write sorted
| 20260212 15:26:47.569 | INFO | Snapshot : 1104.2% / 165T / 0.8G
| 20260212 15:26:52.569 | INFO | Snapshot : 1131.0% / 165T / 0.8G
| 20260212 15:26:57.569 | INFO | Snapshot : 1217.1% / 165T / 0.8G
| 20260212 15:27:02.570 | INFO | Snapshot : 1331.6% / 165T / 0.8G
| 20260212 15:27:07.572 | INFO | Snapshot : 1613.8% / 165T / 0.8G
| 20260212 15:27:12.573 | INFO | Snapshot : 1785.0% / 165T / 0.8G
| 20260212 15:27:17.569 | INFO | Snapshot : 1829.0% / 165T / 0.8G
| 20260212 15:27:22.573 | INFO | Snapshot : 1765.3% / 165T / 0.8G
| 20260212 15:27:27.571 | INFO | Snapshot : 1753.7% / 165T / 0.8G
| 20260212 15:27:32.569 | INFO | Snapshot : 1802.6% / 165T / 0.8G
| 20260212 15:27:37.570 | INFO | Snapshot : 1878.7% / 165T / 0.8G
| 20260212 15:27:42.569 | INFO | Snapshot : 1806.9% / 165T / 0.8G
| 20260212 15:27:47.576 | INFO | Snapshot : 2001.6% / 165T / 0.8G
| 20260212 15:27:52.573 | INFO | Snapshot : 2065.0% / 165T / 0.8G
| 20260212 15:27:57.569 | INFO | Snapshot : 2006.7% / 165T / 0.8G
| 20260212 15:28:02.569 | INFO | Snapshot : 1944.4% / 165T / 0.8G
| 20260212 15:28:07.569 | INFO | Snapshot : 1975.1% / 165T / 0.8G
| 20260212 15:28:12.575 | INFO | Snapshot : 1994.7% / 165T / 0.8G
| 20260212 15:28:17.571 | INFO | Snapshot : 2035.2% / 165T / 0.8G
| 20260212 15:28:22.571 | INFO | Snapshot : 2080.1% / 165T / 0.8G
| 20260212 15:28:27.577 | INFO | Snapshot : 2118.4% / 165T / 0.8G
| 20260212 15:28:32.575 | INFO | Snapshot : 2163.0% / 165T / 0.8G
| 20260212 15:28:37.571 | INFO | Snapshot : 2173.8% / 165T / 0.8G
| 20260212 15:28:42.572 | INFO | Snapshot : 2083.2% / 165T / 0.8G
| 20260212 15:28:47.569 | INFO | Snapshot : 2130.2% / 165T / 0.8G
| 20260212 15:28:52.569 | INFO | Snapshot : 2077.5% / 165T / 0.8G
| 20260212 15:28:57.569 | INFO | Snapshot : 2202.0% / 165T / 0.8G
| 20260212 15:29:02.570 | INFO | Snapshot : 2254.8% / 165T / 0.8G
| 20260212 15:29:07.569 | INFO | Snapshot : 2174.4% / 165T / 0.8G
| 20260212 15:29:12.569 | INFO | Snapshot : 2218.1% / 165T / 0.8G
| 20260212 15:29:17.570 | INFO | Snapshot : 2285.1% / 165T / 0.8G
| 20260212 15:29:22.574 | INFO | Snapshot : 2266.8% / 165T / 0.8G
| 20260212 15:29:27.569 | INFO | Snapshot : 2177.7% / 165T / 0.8G
| 20260212 15:29:32.570 | INFO | Snapshot : 2313.8% / 165T / 0.8G
| 20260212 15:29:37.569 | INFO | Snapshot : 2313.0% / 165T / 0.8G
| 20260212 15:29:42.576 | INFO | Snapshot : 2315.2% / 165T / 0.8G
| 20260212 15:29:47.569 | INFO | Snapshot : 2255.4% / 165T / 0.8G
| 20260212 15:29:52.573 | INFO | Snapshot : 2349.7% / 165T / 0.8G
| 20260212 15:29:57.576 | INFO | Snapshot : 2292.7% / 165T / 0.8G
| 20260212 15:30:02.570 | INFO | Snapshot : 2369.2% / 165T / 0.8G
| 20260212 15:30:07.574 | INFO | Snapshot : 2372.8% / 165T / 0.8G
| 20260212 15:30:12.576 | INFO | Snapshot : 2351.1% / 165T / 0.8G
| 20260212 15:30:17.572 | INFO | Snapshot : 2319.8% / 165T / 0.8G
| 20260212 15:30:22.569 | INFO | Snapshot : 2384.4% / 165T / 0.8G
| 20260212 15:30:27.569 | INFO | Snapshot : 2364.5% / 165T / 0.8G
| 20260212 15:30:32.570 | INFO | Snapshot : 2374.9% / 165T / 0.8G
| 20260212 15:30:37.574 | INFO | Snapshot : 2378.4% / 165T / 0.8G
| 20260212 15:30:42.569 | INFO | Snapshot : 2382.9% / 165T / 0.8G
| 20260212 15:30:47.577 | INFO | Snapshot : 2377.5% / 165T / 0.8G
| 20260212 15:30:52.002 | INFO | Write sorted          : 4m 9s 
| 20260212 15:30:52.569 | INFO | Snapshot : 2108.9% / 84T / 0.8G
| 20260212 15:30:52.888 | INFO | Dedup
| 20260212 15:30:57.572 | INFO | Snapshot : 2131.6% / 164T / 0.9G
| 20260212 15:31:02.570 | INFO | Snapshot : 2274.6% / 164T / 1.0G
| 20260212 15:31:07.569 | INFO | Snapshot : 2346.8% / 164T / 1.1G
| 20260212 15:31:12.569 | INFO | Snapshot : 2260.1% / 164T / 1.1G
| 20260212 15:31:16.753 | INFO | Dedup                 : 23s 865ms 
| 20260212 15:31:16.817 | INFO | Clustering
| 20260212 15:31:17.569 | INFO | Snapshot : 1663.1% / 164T / 1.1G
| 20260212 15:31:22.570 | INFO | Snapshot : 1157.2% / 164T / 1.3G
| 20260212 15:31:27.570 | INFO | Snapshot : 1793.8% / 164T / 1.3G
| 20260212 15:31:32.569 | INFO | Snapshot : 1862.9% / 164T / 1.3G
| 20260212 15:31:37.570 | INFO | Snapshot : 1799.5% / 164T / 1.3G
| 20260212 15:31:42.569 | INFO | Snapshot : 1772.7% / 164T / 1.3G
| 20260212 15:31:47.569 | INFO | Snapshot : 1838.7% / 164T / 1.3G
| 20260212 15:31:52.569 | INFO | Snapshot : 1773.3% / 164T / 1.4G
| 20260212 15:31:57.569 | INFO | Snapshot : 1842.1% / 164T / 1.5G
| 20260212 15:32:02.579 | INFO | Snapshot : 1760.6% / 164T / 1.5G
| 20260212 15:32:07.569 | INFO | Snapshot : 1786.5% / 164T / 1.5G
| 20260212 15:32:12.569 | INFO | Snapshot : 1695.3% / 164T / 1.5G
| 20260212 15:32:17.569 | INFO | Snapshot : 1766.9% / 164T / 1.5G
| 20260212 15:32:22.570 | INFO | Snapshot : 1657.7% / 164T / 1.5G
| 20260212 15:32:27.569 | INFO | Snapshot : 1596.1% / 164T / 1.5G
| 20260212 15:32:30.839 | INFO | Clustering            : 1m 14s 
| 20260212 15:32:32.532 | INFO | Merge clusters
| 20260212 15:32:32.569 | INFO | Snapshot : 300.0% / 3T / 1.5G
| 20260212 15:32:37.218 | INFO | Clustering            : 4s 685ms 
| 20260212 15:32:37.219 | INFO | Break coarse clusters
| 20260212 15:32:37.569 | INFO | Snapshot : 136.0% / 164T / 1.8G
| 20260212 15:32:42.570 | INFO | Snapshot : 2438.1% / 164T / 2.0G
| 20260212 15:32:47.570 | INFO | Snapshot : 2512.1% / 164T / 2.0G
| 20260212 15:32:52.570 | INFO | Snapshot : 2532.6% / 164T / 2.1G
| 20260212 15:32:57.570 | INFO | Snapshot : 2527.8% / 164T / 2.1G
| 20260212 15:33:02.570 | INFO | Snapshot : 2522.0% / 164T / 2.1G
| 20260212 15:33:07.570 | INFO | Snapshot : 2298.1% / 164T / 2.3G
| 20260212 15:33:12.569 | INFO | Snapshot : 2504.7% / 164T / 2.4G
| 20260212 15:33:17.577 | INFO | Snapshot : 2542.6% / 164T / 2.4G
| 20260212 15:33:22.570 | INFO | Snapshot : 2538.0% / 164T / 2.4G
| 20260212 15:33:27.570 | INFO | Snapshot : 2523.9% / 164T / 2.4G
| 20260212 15:33:32.569 | INFO | Snapshot : 2526.2% / 164T / 2.4G
| 20260212 15:33:37.570 | INFO | Snapshot : 2492.9% / 164T / 2.4G
| 20260212 15:33:42.570 | INFO | Snapshot : 2529.3% / 164T / 2.4G
| 20260212 15:33:47.570 | INFO | Snapshot : 2495.6% / 164T / 2.4G
| 20260212 15:33:52.574 | INFO | Snapshot : 2495.2% / 164T / 2.4G
| 20260212 15:33:57.570 | INFO | Snapshot : 2457.8% / 164T / 2.4G
| 20260212 15:34:02.569 | INFO | Snapshot : 2485.6% / 164T / 2.4G
| 20260212 15:34:07.570 | INFO | Snapshot : 2502.4% / 164T / 2.4G
| 20260212 15:34:12.569 | INFO | Snapshot : 2470.2% / 164T / 2.4G
| 20260212 15:34:17.570 | INFO | Snapshot : 2438.7% / 164T / 2.4G
| 20260212 15:34:22.569 | INFO | Snapshot : 2456.2% / 164T / 2.4G
| 20260212 15:34:27.569 | INFO | Snapshot : 2441.3% / 164T / 2.4G
| 20260212 15:34:32.570 | INFO | Snapshot : 2425.7% / 164T / 2.4G
| 20260212 15:34:37.569 | INFO | Snapshot : 2444.3% / 164T / 2.4G
| 20260212 15:34:42.576 | INFO | Snapshot : 2444.3% / 164T / 2.4G
| 20260212 15:34:47.571 | INFO | Snapshot : 2400.8% / 164T / 2.5G
| 20260212 15:34:52.569 | INFO | Snapshot : 1969.5% / 164T / 2.5G
| 20260212 15:34:57.570 | INFO | Snapshot : 2309.9% / 164T / 2.6G
| 20260212 15:35:02.573 | INFO | Snapshot : 2242.4% / 164T / 2.7G
| 20260212 15:35:07.570 | INFO | Snapshot : 2304.7% / 164T / 2.7G
| 20260212 15:35:12.569 | INFO | Snapshot : 1828.5% / 85T / 2.9G
| 20260212 15:35:17.569 | INFO | Snapshot : 99.0% / 85T / 2.9G
| 20260212 15:35:22.569 | INFO | Snapshot : 99.4% / 85T / 2.9G
| 20260212 15:35:27.569 | INFO | Snapshot : 99.4% / 85T / 2.9G
| 20260212 15:35:32.570 | INFO | Snapshot : 99.2% / 85T / 2.9G
| 20260212 15:35:37.569 | INFO | Snapshot : 99.4% / 85T / 2.9G
| 20260212 15:35:42.569 | INFO | Snapshot : 99.0% / 85T / 2.9G
| 20260212 15:35:47.569 | INFO | Snapshot : 99.2% / 85T / 2.9G
| 20260212 15:35:50.580 | INFO | Break coarse clusters : 3m 13s 
| 20260212 15:35:51.617 | INFO | Break again
| 20260212 15:35:52.570 | INFO | Snapshot : 400.0% / 164T / 2.8G
| 20260212 15:35:57.570 | INFO | Snapshot : 2369.4% / 164T / 2.8G
| 20260212 15:36:02.569 | INFO | Snapshot : 2389.6% / 164T / 2.8G
| 20260212 15:36:07.570 | INFO | Snapshot : 2162.5% / 164T / 2.9G
| 20260212 15:36:12.570 | INFO | Snapshot : 2477.0% / 164T / 2.9G
| 20260212 15:36:17.570 | INFO | Snapshot : 2459.0% / 164T / 2.9G
| 20260212 15:36:22.570 | INFO | Snapshot : 2442.2% / 164T / 2.9G
| 20260212 15:36:27.575 | INFO | Snapshot : 2392.0% / 164T / 2.9G
| 20260212 15:36:32.573 | INFO | Snapshot : 2431.8% / 164T / 2.9G
| 20260212 15:36:37.570 | INFO | Snapshot : 2306.8% / 164T / 2.9G
| 20260212 15:36:42.579 | INFO | Snapshot : 2403.9% / 164T / 2.9G
| 20260212 15:36:47.569 | INFO | Snapshot : 2457.4% / 164T / 2.9G
| 20260212 15:36:52.570 | INFO | Snapshot : 2439.2% / 164T / 2.9G
| 20260212 15:36:57.573 | INFO | Snapshot : 2358.0% / 164T / 2.9G
| 20260212 15:37:02.569 | INFO | Snapshot : 2413.4% / 164T / 2.9G
| 20260212 15:37:07.580 | INFO | Snapshot : 2415.8% / 164T / 2.9G
| 20260212 15:37:12.585 | INFO | Snapshot : 2426.0% / 164T / 2.9G
| 20260212 15:37:17.570 | INFO | Snapshot : 2418.9% / 164T / 2.9G
| 20260212 15:37:22.587 | INFO | Snapshot : 2454.1% / 164T / 2.9G
| 20260212 15:37:27.570 | INFO | Snapshot : 2429.3% / 164T / 2.9G
| 20260212 15:37:32.576 | INFO | Snapshot : 2427.9% / 164T / 2.9G
| 20260212 15:37:37.569 | INFO | Snapshot : 2426.1% / 164T / 2.9G
| 20260212 15:37:42.569 | INFO | Snapshot : 2433.1% / 164T / 2.9G
| 20260212 15:37:47.569 | INFO | Snapshot : 2420.0% / 164T / 2.9G
| 20260212 15:37:52.572 | INFO | Snapshot : 2411.3% / 164T / 2.9G
| 20260212 15:37:57.569 | INFO | Snapshot : 1333.8% / 85T / 2.9G
| 20260212 15:38:02.569 | INFO | Snapshot : 99.4% / 85T / 2.9G
| 20260212 15:38:04.152 | INFO | Break again           : 2m 12s 
| 20260212 15:38:05.164 | INFO | Consensus
| 20260212 15:38:07.570 | INFO | Snapshot : 814.4% / 164T / 2.9G
| 20260212 15:38:12.569 | INFO | Snapshot : 1598.5% / 164T / 4.0G
| 20260212 15:38:17.569 | INFO | Snapshot : 1728.3% / 164T / 4.8G
| 20260212 15:38:22.577 | INFO | Snapshot : 1717.8% / 164T / 5.6G
| 20260212 15:38:27.569 | INFO | Snapshot : 1688.2% / 164T / 6.4G
| 20260212 15:38:32.570 | INFO | Snapshot : 1611.7% / 164T / 7.2G
| 20260212 15:38:37.569 | INFO | Snapshot : 1604.9% / 164T / 7.9G
| 20260212 15:38:42.569 | INFO | Snapshot : 1608.3% / 164T / 8.4G
| 20260212 15:38:47.569 | INFO | Snapshot : 1628.0% / 164T / 8.9G
| 20260212 15:38:52.570 | INFO | Snapshot : 1598.0% / 164T / 9.5G
| 20260212 15:38:56.554 | INFO | Consensus             : 51s 389ms 
| 20260212 15:38:57.569 | INFO | Snapshot : 1296.6% / 83T / 10.1G
| 20260212 15:38:57.743 | INFO | Sketch clusters
| 20260212 15:39:02.577 | INFO | Snapshot : 2390.3% / 83T / 10.2G
| 20260212 15:39:07.574 | INFO | Snapshot : 2476.5% / 83T / 10.3G
| 20260212 15:39:12.579 | INFO | Snapshot : 2517.1% / 83T / 10.4G
| 20260212 15:39:17.570 | INFO | Snapshot : 2473.3% / 83T / 10.4G
| 20260212 15:39:17.744 | INFO | Sketch clusters       : 20s 1ms 
| 20260212 15:39:21.150 | INFO | Map back
| 20260212 15:39:22.569 | INFO | Snapshot : 818.3% / 83T / 11.1G
| 20260212 15:39:27.575 | INFO | Snapshot : 2574.4% / 83T / 11.2G
| 20260212 15:39:32.570 | INFO | Snapshot : 2574.4% / 83T / 11.2G
| 20260212 15:39:37.570 | INFO | Snapshot : 2575.8% / 83T / 11.2G
| 20260212 15:39:42.569 | INFO | Snapshot : 2571.6% / 83T / 11.2G
| 20260212 15:39:47.570 | INFO | Snapshot : 2573.8% / 83T / 11.2G
| 20260212 15:39:52.575 | INFO | Snapshot : 2574.6% / 83T / 11.2G
| 20260212 15:39:57.570 | INFO | Snapshot : 2575.0% / 83T / 11.2G
| 20260212 15:40:02.570 | INFO | Snapshot : 2576.6% / 83T / 11.2G
| 20260212 15:40:07.570 | INFO | Snapshot : 2576.0% / 83T / 11.2G
| 20260212 15:40:12.570 | INFO | Snapshot : 2575.2% / 83T / 11.2G
| 20260212 15:40:17.570 | INFO | Snapshot : 2574.8% / 83T / 11.2G
| 20260212 15:40:22.570 | INFO | Snapshot : 2573.8% / 83T / 11.2G
| 20260212 15:40:27.570 | INFO | Snapshot : 2573.8% / 83T / 11.2G
| 20260212 15:40:32.570 | INFO | Snapshot : 2575.2% / 83T / 11.2G
| 20260212 15:40:37.570 | INFO | Snapshot : 2575.6% / 83T / 11.2G
| 20260212 15:40:42.570 | INFO | Snapshot : 2576.4% / 83T / 11.2G
| 20260212 15:40:47.570 | INFO | Snapshot : 2577.4% / 83T / 11.2G
| 20260212 15:40:52.570 | INFO | Snapshot : 2578.0% / 83T / 11.2G
| 20260212 15:40:57.570 | INFO | Snapshot : 2577.6% / 83T / 11.2G
| 20260212 15:41:02.570 | INFO | Snapshot : 2577.0% / 83T / 11.2G
| 20260212 15:41:07.570 | INFO | Snapshot : 2576.8% / 83T / 11.2G
| 20260212 15:41:12.570 | INFO | Snapshot : 2576.6% / 83T / 11.2G
| 20260212 15:41:17.570 | INFO | Snapshot : 2575.4% / 83T / 11.2G
| 20260212 15:41:22.570 | INFO | Snapshot : 2549.0% / 83T / 11.2G
| 20260212 15:41:27.576 | INFO | Snapshot : 2574.1% / 83T / 11.2G
| 20260212 15:41:32.570 | INFO | Snapshot : 2574.5% / 83T / 11.2G
| 20260212 15:41:37.570 | INFO | Snapshot : 2575.2% / 83T / 11.2G
| 20260212 15:41:42.569 | INFO | Snapshot : 2575.2% / 83T / 11.2G
| 20260212 15:41:47.580 | INFO | Snapshot : 2575.4% / 83T / 11.2G
| 20260212 15:41:52.570 | INFO | Snapshot : 2575.6% / 83T / 11.2G
| 20260212 15:41:57.570 | INFO | Snapshot : 2575.4% / 83T / 11.2G
| 20260212 15:42:02.570 | INFO | Snapshot : 2575.8% / 83T / 11.2G
| 20260212 15:42:07.570 | INFO | Snapshot : 2575.0% / 83T / 11.2G
| 20260212 15:42:12.570 | INFO | Snapshot : 2575.2% / 83T / 11.2G
| 20260212 15:42:17.570 | INFO | Snapshot : 2575.2% / 83T / 11.2G
| 20260212 15:42:22.570 | INFO | Snapshot : 2575.6% / 83T / 11.2G
| 20260212 15:42:27.570 | INFO | Snapshot : 2575.4% / 83T / 11.2G
| 20260212 15:42:32.570 | INFO | Snapshot : 2575.4% / 83T / 11.2G
| 20260212 15:42:37.570 | INFO | Snapshot : 2552.0% / 83T / 11.2G
| 20260212 15:42:42.570 | INFO | Snapshot : 2574.0% / 83T / 11.2G
| 20260212 15:42:47.570 | INFO | Snapshot : 2575.4% / 83T / 11.2G
| 20260212 15:42:52.570 | INFO | Snapshot : 2575.4% / 83T / 11.2G
| 20260212 15:42:57.570 | INFO | Snapshot : 2575.8% / 83T / 11.2G
| 20260212 15:43:02.570 | INFO | Snapshot : 2575.2% / 83T / 11.2G
| 20260212 15:43:07.570 | INFO | Snapshot : 2575.6% / 83T / 11.2G
| 20260212 15:43:12.572 | INFO | Snapshot : 2575.0% / 83T / 11.2G
| 20260212 15:43:17.570 | INFO | Snapshot : 2575.6% / 83T / 11.2G
| 20260212 15:43:22.570 | INFO | Snapshot : 2575.4% / 83T / 11.2G
| 20260212 15:43:27.570 | INFO | Snapshot : 2575.2% / 83T / 11.2G
| 20260212 15:43:32.570 | INFO | Snapshot : 2575.0% / 83T / 11.2G
| 20260212 15:43:37.570 | INFO | Snapshot : 2575.2% / 83T / 11.2G
| 20260212 15:43:42.570 | INFO | Snapshot : 2575.0% / 83T / 11.2G
| 20260212 15:43:47.570 | INFO | Snapshot : 2574.6% / 83T / 11.2G
| 20260212 15:43:52.570 | INFO | Snapshot : 2574.8% / 83T / 11.2G
| 20260212 15:43:57.577 | INFO | Snapshot : 2575.4% / 83T / 11.2G
| 20260212 15:44:02.569 | INFO | Snapshot : 2576.2% / 83T / 11.2G
| 20260212 15:44:07.571 | INFO | Snapshot : 2576.5% / 83T / 11.2G
| 20260212 15:44:12.569 | INFO | Snapshot : 2576.4% / 83T / 11.2G
| 20260212 15:44:17.570 | INFO | Snapshot : 2576.4% / 83T / 11.2G
| 20260212 15:44:22.569 | INFO | Snapshot : 2575.2% / 83T / 11.2G
| 20260212 15:44:27.569 | INFO | Snapshot : 2576.9% / 83T / 11.2G
| 20260212 15:44:32.570 | INFO | Snapshot : 2576.9% / 83T / 11.2G
| 20260212 15:44:37.569 | INFO | Snapshot : 2576.2% / 83T / 11.2G
| 20260212 15:44:42.569 | INFO | Snapshot : 2577.4% / 83T / 11.2G
| 20260212 15:44:47.573 | INFO | Snapshot : 2577.3% / 83T / 11.2G
| 20260212 15:44:52.569 | INFO | Snapshot : 2576.4% / 83T / 11.2G
| 20260212 15:44:57.570 | INFO | Snapshot : 2577.0% / 83T / 11.2G
| 20260212 15:45:02.570 | INFO | Snapshot : 2576.4% / 83T / 11.2G
| 20260212 15:45:07.577 | INFO | Snapshot : 2577.0% / 83T / 11.2G
| 20260212 15:45:12.570 | INFO | Snapshot : 2577.2% / 83T / 11.2G
| 20260212 15:45:17.579 | INFO | Snapshot : 2575.2% / 83T / 11.2G
| 20260212 15:45:22.570 | INFO | Snapshot : 2576.6% / 83T / 11.2G
| 20260212 15:45:27.577 | INFO | Snapshot : 2572.4% / 83T / 11.2G
| 20260212 15:45:32.569 | INFO | Snapshot : 2573.0% / 83T / 11.2G
| 20260212 15:45:37.569 | INFO | Snapshot : 2569.9% / 83T / 11.2G
| 20260212 15:45:42.570 | INFO | Snapshot : 2575.4% / 83T / 11.2G
| 20260212 15:45:47.569 | INFO | Snapshot : 2570.6% / 83T / 11.2G
| 20260212 15:45:52.571 | INFO | Snapshot : 2572.5% / 83T / 11.2G
| 20260212 15:45:57.569 | INFO | Snapshot : 2566.3% / 83T / 11.2G
| 20260212 15:46:02.569 | INFO | Snapshot : 2572.5% / 83T / 11.2G
| 20260212 15:46:07.577 | INFO | Snapshot : 2551.9% / 83T / 11.2G
| 20260212 15:46:12.570 | INFO | Snapshot : 2573.6% / 83T / 11.2G
| 20260212 15:46:17.573 | INFO | Snapshot : 2545.9% / 83T / 11.2G
| 20260212 15:46:22.570 | INFO | Snapshot : 2573.9% / 83T / 11.2G
| 20260212 15:46:27.579 | INFO | Snapshot : 2565.4% / 83T / 11.2G
| 20260212 15:46:32.579 | INFO | Snapshot : 2574.8% / 83T / 11.2G
| 20260212 15:46:37.569 | INFO | Snapshot : 2509.3% / 83T / 11.2G
| 20260212 15:46:42.570 | INFO | Snapshot : 2573.2% / 83T / 11.2G
| 20260212 15:46:47.570 | INFO | Snapshot : 2457.8% / 83T / 11.2G
| 20260212 15:46:52.570 | INFO | Snapshot : 2573.6% / 83T / 11.2G
| 20260212 15:46:57.573 | INFO | Snapshot : 2574.5% / 83T / 11.2G
| 20260212 15:47:02.570 | INFO | Snapshot : 2441.5% / 83T / 11.2G
| 20260212 15:47:07.570 | INFO | Snapshot : 2573.8% / 83T / 11.2G
| 20260212 15:47:12.569 | INFO | Snapshot : 2510.2% / 83T / 11.2G
| 20260212 15:47:17.575 | INFO | Snapshot : 2574.0% / 83T / 11.2G
| 20260212 15:47:22.569 | INFO | Snapshot : 2511.3% / 83T / 11.2G
| 20260212 15:47:27.570 | INFO | Snapshot : 2573.2% / 83T / 11.2G
| 20260212 15:47:32.569 | INFO | Snapshot : 2564.0% / 83T / 11.2G
| 20260212 15:47:37.570 | INFO | Snapshot : 2573.4% / 83T / 11.2G
| 20260212 15:47:42.577 | INFO | Snapshot : 2561.4% / 83T / 11.2G
| 20260212 15:47:47.572 | INFO | Snapshot : 2574.2% / 83T / 11.2G
| 20260212 15:47:52.571 | INFO | Snapshot : 2569.7% / 83T / 11.2G
| 20260212 15:47:57.570 | INFO | Snapshot : 2575.1% / 83T / 11.2G
| 20260212 15:48:02.569 | INFO | Snapshot : 2574.6% / 83T / 11.2G
| 20260212 15:48:07.569 | INFO | Snapshot : 2575.3% / 83T / 11.2G
| 20260212 15:48:12.572 | INFO | Snapshot : 2574.4% / 83T / 11.3G
| 20260212 15:48:17.577 | INFO | Snapshot : 2577.2% / 83T / 11.3G
| 20260212 15:48:22.570 | INFO | Snapshot : 2577.0% / 83T / 11.3G
| 20260212 15:48:25.444 | INFO | Map back              : 9m 4s 
| 20260212 15:48:25.837 | INFO | Merge clusters
| 20260212 15:48:27.569 | INFO | Snapshot : 300.0% / 3T / 11.6G
| 20260212 15:48:28.187 | INFO | Clustering            : 2s 348ms 
| 20260212 15:48:28.197 | INFO | Map back, break
| 20260212 15:48:32.569 | INFO | Snapshot : 100.6% / 83T / 17.3G
| 20260212 15:48:37.570 | INFO | Snapshot : 1610.3% / 83T / 24.5G
| 20260212 15:48:42.570 | INFO | Snapshot : 2101.5% / 83T / 30.9G
| 20260212 15:48:47.569 | INFO | Snapshot : 1978.3% / 83T / 32.3G
| 20260212 15:48:52.569 | INFO | Snapshot : 1930.1% / 83T / 31.3G
| 20260212 15:48:57.569 | INFO | Snapshot : 1891.9% / 83T / 31.2G
| 20260212 15:49:02.569 | INFO | Snapshot : 1849.9% / 83T / 29.5G
| 20260212 15:49:07.570 | INFO | Snapshot : 1864.1% / 83T / 29.2G
| 20260212 15:49:12.570 | INFO | Snapshot : 1846.1% / 83T / 28.2G
| 20260212 15:49:17.569 | INFO | Snapshot : 1812.5% / 83T / 28.5G
| 20260212 15:49:22.571 | INFO | Snapshot : 1795.0% / 83T / 28.0G
| 20260212 15:49:27.569 | INFO | Snapshot : 1792.0% / 83T / 27.7G
| 20260212 15:49:32.569 | INFO | Snapshot : 1774.1% / 83T / 26.4G
| 20260212 15:49:37.570 | INFO | Snapshot : 1770.6% / 83T / 27.3G
| 20260212 15:49:42.569 | INFO | Snapshot : 1800.1% / 83T / 26.5G
| 20260212 15:49:47.574 | INFO | Snapshot : 1785.0% / 83T / 26.2G
| 20260212 15:49:52.572 | INFO | Snapshot : 1746.5% / 83T / 26.6G
| 20260212 15:49:57.569 | INFO | Snapshot : 1756.0% / 83T / 26.8G
| 20260212 15:50:02.569 | INFO | Snapshot : 1751.9% / 83T / 26.2G
| 20260212 15:50:07.569 | INFO | Snapshot : 1727.7% / 83T / 25.9G
| 20260212 15:50:12.571 | INFO | Snapshot : 1721.3% / 83T / 26.1G
| 20260212 15:50:17.570 | INFO | Snapshot : 1730.6% / 83T / 26.1G
| 20260212 15:50:22.569 | INFO | Snapshot : 1725.1% / 83T / 25.7G
| 20260212 15:50:27.569 | INFO | Snapshot : 1716.1% / 83T / 25.1G
| 20260212 15:50:32.569 | INFO | Snapshot : 1733.5% / 83T / 25.6G
| 20260212 15:50:37.569 | INFO | Snapshot : 1711.1% / 83T / 25.3G
| 20260212 15:50:42.572 | INFO | Snapshot : 1683.7% / 83T / 25.3G
| 20260212 15:50:47.570 | INFO | Snapshot : 1651.2% / 83T / 25.3G
| 20260212 15:50:52.570 | INFO | Snapshot : 1646.4% / 83T / 25.0G
| 20260212 15:50:57.569 | INFO | Snapshot : 1686.5% / 83T / 24.9G
| 20260212 15:51:02.570 | INFO | Snapshot : 1622.7% / 83T / 25.5G
| 20260212 15:51:07.569 | INFO | Snapshot : 1654.3% / 83T / 24.8G
| 20260212 15:51:12.569 | INFO | Snapshot : 1673.5% / 83T / 24.6G
| 20260212 15:51:17.569 | INFO | Snapshot : 1636.5% / 83T / 24.4G
| 20260212 15:51:22.569 | INFO | Snapshot : 1662.9% / 83T / 24.9G
| 20260212 15:51:27.570 | INFO | Snapshot : 1651.8% / 83T / 24.8G
| 20260212 15:51:32.569 | INFO | Snapshot : 1663.1% / 83T / 24.3G
| 20260212 15:51:37.570 | INFO | Snapshot : 1617.9% / 83T / 24.3G
| 20260212 15:51:42.569 | INFO | Snapshot : 1623.4% / 83T / 24.2G
| 20260212 15:51:47.569 | INFO | Snapshot : 1600.9% / 83T / 24.4G
| 20260212 15:51:52.570 | INFO | Snapshot : 1591.6% / 83T / 24.3G
| 20260212 15:51:57.571 | INFO | Snapshot : 1631.5% / 83T / 23.7G
| 20260212 15:52:02.569 | INFO | Snapshot : 1581.8% / 83T / 24.1G
| 20260212 15:52:07.569 | INFO | Snapshot : 1540.9% / 83T / 23.7G
| 20260212 15:52:12.569 | INFO | Snapshot : 1545.5% / 83T / 23.7G
| 20260212 15:52:17.569 | INFO | Snapshot : 1508.5% / 83T / 23.9G
| 20260212 15:52:22.570 | INFO | Snapshot : 1528.1% / 83T / 23.9G
| 20260212 15:52:27.569 | INFO | Snapshot : 1501.9% / 83T / 23.7G
| 20260212 15:52:32.569 | INFO | Snapshot : 1487.5% / 83T / 23.7G
| 20260212 15:52:37.569 | INFO | Snapshot : 1537.5% / 83T / 23.6G
| 20260212 15:52:42.569 | INFO | Snapshot : 1645.7% / 83T / 23.0G
| 20260212 15:52:47.569 | INFO | Snapshot : 1992.7% / 83T / 22.4G
| 20260212 15:52:52.605 | INFO | Snapshot : 2403.1% / 83T / 24.2G
| 20260212 15:52:57.570 | INFO | Snapshot : 2520.1% / 83T / 25.5G
| 20260212 15:53:02.570 | INFO | Snapshot : 2543.6% / 83T / 25.6G
| 20260212 15:53:07.571 | INFO | Snapshot : 2555.9% / 83T / 25.8G
| 20260212 15:53:12.569 | INFO | Snapshot : 2539.9% / 83T / 26.4G
| 20260212 15:53:17.574 | INFO | Snapshot : 2553.6% / 83T / 26.5G
| 20260212 15:53:22.570 | INFO | Snapshot : 2529.0% / 83T / 26.5G
| 20260212 15:53:27.575 | INFO | Snapshot : 2392.0% / 83T / 26.5G
| 20260212 15:53:32.575 | INFO | Snapshot : 2392.6% / 83T / 26.5G
| 20260212 15:53:37.570 | INFO | Snapshot : 2328.7% / 83T / 26.5G
| 20260212 15:53:42.569 | INFO | Snapshot : 2329.4% / 83T / 26.5G
| 20260212 15:53:45.248 | INFO | Map back, break       : 5m 17s 
| 20260212 15:53:45.501 | INFO | Merge clusters
| 20260212 15:53:47.351 | INFO | Clustering            : 1s 850ms 
| 20260212 15:53:47.352 | INFO | Map back, merge
| 20260212 15:53:47.570 | INFO | Snapshot : 300.0% / 3T / 26.5G
| 20260212 15:53:47.749 | INFO | Map back, merge       : 396ms 759us 
| 20260212 15:53:47.749 | INFO | Consensus
| 20260212 15:53:52.569 | INFO | Snapshot : 1381.6% / 164T / 26.5G
| 20260212 15:53:57.569 | INFO | Snapshot : 1471.3% / 164T / 26.5G
| 20260212 15:54:02.569 | INFO | Snapshot : 1695.3% / 164T / 26.5G
| 20260212 15:54:07.569 | INFO | Snapshot : 1633.7% / 164T / 26.5G
| 20260212 15:54:12.570 | INFO | Snapshot : 1450.9% / 164T / 26.5G
| 20260212 15:54:17.569 | INFO | Snapshot : 1592.7% / 164T / 26.5G
| 20260212 15:54:22.569 | INFO | Snapshot : 1628.9% / 164T / 26.5G
| 20260212 15:54:27.569 | INFO | Snapshot : 1511.7% / 164T / 26.5G
| 20260212 15:54:32.569 | INFO | Snapshot : 1463.7% / 164T / 26.6G
| 20260212 15:54:37.569 | INFO | Snapshot : 1407.6% / 164T / 26.6G
| 20260212 15:54:42.570 | INFO | Snapshot : 1424.6% / 164T / 26.6G
| 20260212 15:54:42.610 | INFO | Consensus             : 54s 861ms 
| 20260212 15:54:47.569 | INFO | Snapshot : 94.6% / 3T / 26.6G
| 20260212 15:54:49.335 | INFO | Sketch clusters
| 20260212 15:54:52.569 | INFO | Snapshot : 1636.7% / 83T / 26.5G
| 20260212 15:54:57.570 | INFO | Snapshot : 2503.0% / 83T / 26.5G
| 20260212 15:55:02.579 | INFO | Snapshot : 2477.6% / 83T / 26.5G
| 20260212 15:55:07.569 | INFO | Snapshot : 2481.9% / 83T / 26.5G
| 20260212 15:55:08.226 | INFO | Sketch clusters       : 18s 890ms 
| 20260212 15:55:12.569 | INFO | Snapshot : 300.0% / 3T / 26.5G
| 20260212 15:55:13.662 | INFO | Map back
| 20260212 15:55:17.579 | INFO | Snapshot : 1947.6% / 83T / 26.6G
| 20260212 15:55:22.570 | INFO | Snapshot : 2574.8% / 83T / 26.6G
| 20260212 15:55:27.570 | INFO | Snapshot : 2574.8% / 83T / 26.6G
| 20260212 15:55:32.570 | INFO | Snapshot : 2575.4% / 83T / 26.6G
| 20260212 15:55:37.572 | INFO | Snapshot : 2575.2% / 83T / 26.6G
| 20260212 15:55:42.578 | INFO | Snapshot : 2573.5% / 83T / 26.6G
| 20260212 15:55:47.570 | INFO | Snapshot : 2571.5% / 83T / 26.6G
| 20260212 15:55:52.570 | INFO | Snapshot : 2574.4% / 83T / 26.6G
| 20260212 15:55:57.570 | INFO | Snapshot : 2573.6% / 83T / 26.6G
| 20260212 15:56:02.570 | INFO | Snapshot : 2576.0% / 83T / 26.6G
| 20260212 15:56:07.570 | INFO | Snapshot : 2571.4% / 83T / 26.6G
| 20260212 15:56:12.575 | INFO | Snapshot : 2573.8% / 83T / 26.6G
| 20260212 15:56:17.569 | INFO | Snapshot : 2577.4% / 83T / 26.6G
| 20260212 15:56:22.570 | INFO | Snapshot : 2579.2% / 83T / 26.6G
| 20260212 15:56:27.570 | INFO | Snapshot : 2577.8% / 83T / 26.6G
| 20260212 15:56:32.570 | INFO | Snapshot : 2577.8% / 83T / 26.6G
| 20260212 15:56:37.569 | INFO | Snapshot : 2576.6% / 83T / 26.6G
| 20260212 15:56:42.570 | INFO | Snapshot : 2576.6% / 83T / 26.6G
| 20260212 15:56:47.569 | INFO | Snapshot : 2575.4% / 83T / 26.6G
| 20260212 15:56:52.570 | INFO | Snapshot : 2578.0% / 83T / 26.6G
| 20260212 15:56:57.577 | INFO | Snapshot : 2576.6% / 83T / 26.6G
| 20260212 15:57:02.579 | INFO | Snapshot : 2577.2% / 83T / 26.6G
| 20260212 15:57:07.570 | INFO | Snapshot : 2575.7% / 83T / 26.6G
| 20260212 15:57:12.580 | INFO | Snapshot : 2577.6% / 83T / 26.6G
| 20260212 15:57:17.570 | INFO | Snapshot : 2577.6% / 83T / 26.6G
| 20260212 15:57:22.576 | INFO | Snapshot : 2577.5% / 83T / 26.6G
| 20260212 15:57:27.570 | INFO | Snapshot : 2577.7% / 83T / 26.6G
| 20260212 15:57:32.569 | INFO | Snapshot : 2578.2% / 83T / 26.6G
| 20260212 15:57:37.575 | INFO | Snapshot : 2577.4% / 83T / 26.6G
| 20260212 15:57:42.580 | INFO | Snapshot : 2578.0% / 83T / 26.6G
| 20260212 15:57:47.569 | INFO | Snapshot : 2577.4% / 83T / 26.6G
| 20260212 15:57:52.575 | INFO | Snapshot : 2578.2% / 83T / 26.6G
| 20260212 15:57:57.569 | INFO | Snapshot : 2577.6% / 83T / 26.6G
| 20260212 15:58:02.573 | INFO | Snapshot : 2578.0% / 83T / 26.6G
| 20260212 15:58:07.572 | INFO | Snapshot : 2578.1% / 83T / 26.6G
| 20260212 15:58:12.578 | INFO | Snapshot : 2574.9% / 83T / 26.6G
| 20260212 15:58:17.580 | INFO | Snapshot : 2577.8% / 83T / 26.6G
| 20260212 15:58:22.569 | INFO | Snapshot : 2578.4% / 83T / 26.6G
| 20260212 15:58:27.572 | INFO | Snapshot : 2578.3% / 83T / 26.6G
| 20260212 15:58:32.580 | INFO | Snapshot : 2578.3% / 83T / 26.6G
| 20260212 15:58:37.569 | INFO | Snapshot : 2577.4% / 83T / 26.6G
| 20260212 15:58:42.578 | INFO | Snapshot : 2578.2% / 83T / 26.6G
| 20260212 15:58:47.570 | INFO | Snapshot : 2577.7% / 83T / 26.6G
| 20260212 15:58:52.579 | INFO | Snapshot : 2578.2% / 83T / 26.6G
| 20260212 15:58:57.571 | INFO | Snapshot : 2577.9% / 83T / 26.6G
| 20260212 15:59:02.578 | INFO | Snapshot : 2577.8% / 83T / 26.6G
| 20260212 15:59:07.573 | INFO | Snapshot : 2577.4% / 83T / 26.6G
| 20260212 15:59:12.569 | INFO | Snapshot : 2577.6% / 83T / 26.6G
| 20260212 15:59:17.578 | INFO | Snapshot : 2577.4% / 83T / 26.6G
| 20260212 15:59:22.570 | INFO | Snapshot : 2577.1% / 83T / 26.6G
| 20260212 15:59:27.575 | INFO | Snapshot : 2577.2% / 83T / 26.6G
| 20260212 15:59:32.573 | INFO | Snapshot : 2577.4% / 83T / 26.6G
| 20260212 15:59:37.569 | INFO | Snapshot : 2577.6% / 83T / 26.6G
| 20260212 15:59:42.575 | INFO | Snapshot : 2577.1% / 83T / 26.6G
| 20260212 15:59:47.569 | INFO | Snapshot : 2577.8% / 83T / 26.6G
| 20260212 15:59:52.574 | INFO | Snapshot : 2577.4% / 83T / 26.6G
| 20260212 15:59:57.577 | INFO | Snapshot : 2577.7% / 83T / 26.6G
| 20260212 16:00:02.580 | INFO | Snapshot : 2577.7% / 83T / 26.6G
| 20260212 16:00:07.580 | INFO | Snapshot : 2577.6% / 83T / 26.6G
| 20260212 16:00:12.570 | INFO | Snapshot : 2578.2% / 83T / 26.6G
| 20260212 16:00:17.569 | INFO | Snapshot : 2577.4% / 83T / 26.6G
| 20260212 16:00:22.578 | INFO | Snapshot : 2578.2% / 83T / 26.6G
| 20260212 16:00:27.569 | INFO | Snapshot : 2578.0% / 83T / 26.6G
| 20260212 16:00:32.578 | INFO | Snapshot : 2578.4% / 83T / 26.6G
| 20260212 16:00:37.574 | INFO | Snapshot : 2577.7% / 83T / 26.6G
| 20260212 16:00:42.579 | INFO | Snapshot : 2578.2% / 83T / 26.6G
| 20260212 16:00:47.569 | INFO | Snapshot : 2577.5% / 83T / 26.6G
| 20260212 16:00:52.574 | INFO | Snapshot : 2577.1% / 83T / 26.6G
| 20260212 16:00:57.569 | INFO | Snapshot : 2576.5% / 83T / 26.6G
| 20260212 16:01:02.570 | INFO | Snapshot : 2577.6% / 83T / 26.6G
| 20260212 16:01:07.570 | INFO | Snapshot : 2576.8% / 83T / 26.6G
| 20260212 16:01:12.570 | INFO | Snapshot : 2575.2% / 83T / 26.6G
| 20260212 16:01:17.570 | INFO | Snapshot : 2575.2% / 83T / 26.6G
| 20260212 16:01:22.569 | INFO | Snapshot : 2575.4% / 83T / 26.6G
| 20260212 16:01:27.569 | INFO | Snapshot : 2575.5% / 83T / 26.6G
| 20260212 16:01:32.575 | INFO | Snapshot : 2576.3% / 83T / 26.6G
| 20260212 16:01:37.574 | INFO | Snapshot : 2574.7% / 83T / 26.6G
| 20260212 16:01:42.578 | INFO | Snapshot : 2574.7% / 83T / 26.6G
| 20260212 16:01:47.569 | INFO | Snapshot : 2574.6% / 83T / 26.6G
| 20260212 16:01:52.576 | INFO | Snapshot : 2574.7% / 83T / 26.6G
| 20260212 16:01:57.579 | INFO | Snapshot : 2576.3% / 83T / 26.6G
| 20260212 16:02:02.577 | INFO | Snapshot : 2576.2% / 83T / 26.6G
| 20260212 16:02:06.724 | INFO | Map back              : 6m 53s 
| 20260212 16:02:07.279 | INFO | Merge clusters
| 20260212 16:02:07.569 | INFO | Snapshot : 300.0% / 3T / 26.6G
| 20260212 16:02:09.547 | INFO | Clustering            : 2s 267ms 
| 20260212 16:02:09.571 | INFO | Map back, break
| 20260212 16:02:12.569 | INFO | Snapshot : 99.2% / 3T / 26.5G
| 20260212 16:02:17.572 | INFO | Snapshot : 1347.0% / 83T / 35.3G
| 20260212 16:02:22.577 | INFO | Snapshot : 1932.0% / 83T / 32.8G
| 20260212 16:02:27.570 | INFO | Snapshot : 1864.7% / 83T / 33.4G
| 20260212 16:02:32.569 | INFO | Snapshot : 1773.1% / 83T / 31.6G
| 20260212 16:02:37.569 | INFO | Snapshot : 1779.5% / 83T / 30.1G
| 20260212 16:02:42.569 | INFO | Snapshot : 1743.8% / 83T / 30.4G
| 20260212 16:02:47.569 | INFO | Snapshot : 1701.1% / 83T / 30.1G
| 20260212 16:02:52.571 | INFO | Snapshot : 1623.1% / 83T / 29.7G
| 20260212 16:02:57.570 | INFO | Snapshot : 1653.6% / 83T / 29.5G
| 20260212 16:03:02.569 | INFO | Snapshot : 1509.9% / 83T / 29.2G
| 20260212 16:03:07.569 | INFO | Snapshot : 1853.9% / 83T / 26.6G
| 20260212 16:03:12.572 | INFO | Snapshot : 2266.6% / 83T / 26.6G
| 20260212 16:03:17.570 | INFO | Snapshot : 2153.5% / 83T / 26.6G
| 20260212 16:03:17.983 | INFO | Map back, break       : 1m 8s 
| 20260212 16:03:21.368 | INFO | Merge clusters
| 20260212 16:03:22.569 | INFO | Snapshot : 208.8% / 3T / 26.8G
| 20260212 16:03:22.982 | INFO | Clustering            : 1s 614ms 
| 20260212 16:03:22.983 | INFO | Map back, merge
| 20260212 16:03:23.378 | INFO | Map back, merge       : 395ms 175us 
| 20260212 16:03:23.378 | INFO | Consensus
| 20260212 16:03:27.570 | INFO | Snapshot : 1900.3% / 164T / 49.9G
| 20260212 16:03:32.573 | INFO | Snapshot : 2140.9% / 164T / 45.7G
| 20260212 16:03:37.569 | INFO | Snapshot : 2228.4% / 164T / 43.9G
| 20260212 16:03:42.570 | INFO | Snapshot : 2182.7% / 164T / 42.3G
| 20260212 16:03:47.569 | INFO | Snapshot : 2183.3% / 164T / 40.2G
| 20260212 16:03:52.569 | INFO | Snapshot : 2232.1% / 164T / 43.0G
| 20260212 16:03:57.570 | INFO | Snapshot : 2189.0% / 164T / 39.5G
| 20260212 16:04:02.578 | INFO | Snapshot : 2216.2% / 164T / 41.3G
| 20260212 16:04:07.569 | INFO | Snapshot : 2182.0% / 164T / 38.5G
| 20260212 16:04:12.570 | INFO | Snapshot : 2230.1% / 164T / 39.3G
| 20260212 16:04:17.569 | INFO | Snapshot : 2195.3% / 164T / 41.3G
| 20260212 16:04:22.571 | INFO | Snapshot : 2246.3% / 164T / 41.6G
| 20260212 16:04:27.569 | INFO | Snapshot : 2229.0% / 164T / 37.8G
| 20260212 16:04:32.569 | INFO | Snapshot : 2183.2% / 164T / 39.8G
| 20260212 16:04:37.576 | INFO | Snapshot : 2165.4% / 164T / 38.5G
| 20260212 16:04:42.569 | INFO | Snapshot : 2212.5% / 164T / 40.1G
| 20260212 16:04:47.570 | INFO | Snapshot : 2233.7% / 164T / 40.5G
| 20260212 16:04:52.569 | INFO | Snapshot : 2165.3% / 164T / 37.8G
| 20260212 16:04:57.569 | INFO | Snapshot : 2151.5% / 164T / 37.7G
| 20260212 16:05:02.570 | INFO | Snapshot : 2185.5% / 164T / 39.7G
| 20260212 16:05:07.569 | INFO | Snapshot : 2243.5% / 164T / 36.9G
| 20260212 16:05:12.570 | INFO | Snapshot : 2172.1% / 164T / 37.1G
| 20260212 16:05:17.569 | INFO | Snapshot : 2158.1% / 164T / 35.9G
| 20260212 16:05:22.570 | INFO | Snapshot : 2172.3% / 164T / 37.3G
| 20260212 16:05:27.569 | INFO | Snapshot : 2144.5% / 164T / 35.6G
| 20260212 16:05:32.569 | INFO | Snapshot : 2140.5% / 164T / 37.7G
| 20260212 16:05:37.569 | INFO | Snapshot : 2158.1% / 164T / 35.7G
| 20260212 16:05:42.569 | INFO | Snapshot : 2233.7% / 164T / 37.4G
| 20260212 16:05:47.569 | INFO | Snapshot : 2286.4% / 164T / 37.0G
| 20260212 16:05:52.569 | INFO | Snapshot : 2184.7% / 164T / 35.7G
| 20260212 16:05:57.570 | INFO | Snapshot : 2155.7% / 164T / 36.6G
| 20260212 16:06:02.569 | INFO | Snapshot : 2125.1% / 164T / 36.1G
| 20260212 16:06:07.569 | INFO | Snapshot : 2181.9% / 164T / 36.7G
| 20260212 16:06:12.570 | INFO | Snapshot : 2186.8% / 164T / 36.1G
| 20260212 16:06:17.569 | INFO | Snapshot : 2197.8% / 164T / 36.7G
| 20260212 16:06:22.569 | INFO | Snapshot : 2148.1% / 164T / 36.2G
| 20260212 16:06:27.570 | INFO | Snapshot : 2129.1% / 164T / 35.4G
| 20260212 16:06:32.573 | INFO | Snapshot : 2140.4% / 164T / 35.7G
| 20260212 16:06:37.569 | INFO | Snapshot : 2147.4% / 164T / 35.1G
| 20260212 16:06:42.569 | INFO | Snapshot : 2100.5% / 164T / 35.8G
| 20260212 16:06:47.570 | INFO | Snapshot : 2103.1% / 164T / 34.6G
| 20260212 16:06:52.569 | INFO | Snapshot : 2102.8% / 164T / 35.7G
| 20260212 16:06:57.570 | INFO | Snapshot : 2182.4% / 164T / 35.7G
| 20260212 16:07:02.570 | INFO | Snapshot : 2201.8% / 164T / 34.8G
| 20260212 16:07:07.578 | INFO | Snapshot : 2131.8% / 164T / 35.6G
| 20260212 16:07:12.569 | INFO | Snapshot : 2210.3% / 164T / 34.4G
| 20260212 16:07:17.570 | INFO | Snapshot : 2155.3% / 164T / 36.9G
| 20260212 16:07:22.569 | INFO | Snapshot : 2181.3% / 164T / 33.9G
| 20260212 16:07:27.569 | INFO | Snapshot : 2186.1% / 164T / 35.1G
| 20260212 16:07:32.569 | INFO | Snapshot : 2106.5% / 164T / 35.0G
| 20260212 16:07:37.569 | INFO | Snapshot : 2142.5% / 164T / 35.6G
| 20260212 16:07:42.570 | INFO | Snapshot : 2146.7% / 164T / 35.2G
| 20260212 16:07:47.569 | INFO | Snapshot : 2116.1% / 164T / 35.0G
| 20260212 16:07:52.569 | INFO | Snapshot : 2215.1% / 164T / 33.5G
| 20260212 16:07:57.570 | INFO | Snapshot : 2113.6% / 164T / 33.6G
| 20260212 16:08:02.573 | INFO | Snapshot : 2122.5% / 164T / 34.2G
| 20260212 16:08:07.569 | INFO | Snapshot : 2070.7% / 164T / 34.3G
| 20260212 16:08:12.570 | INFO | Snapshot : 2159.5% / 164T / 34.4G
| 20260212 16:08:17.569 | INFO | Snapshot : 2115.3% / 164T / 35.2G
| 20260212 16:08:22.570 | INFO | Snapshot : 2190.9% / 164T / 34.9G
| 20260212 16:08:27.569 | INFO | Snapshot : 2125.3% / 164T / 35.1G
| 20260212 16:08:32.569 | INFO | Snapshot : 2121.5% / 164T / 34.0G
| 20260212 16:08:37.570 | INFO | Snapshot : 2101.1% / 164T / 33.8G
| 20260212 16:08:42.570 | INFO | Snapshot : 2216.4% / 164T / 34.1G
| 20260212 16:08:47.571 | INFO | Snapshot : 2161.5% / 164T / 34.8G
| 20260212 16:08:52.570 | INFO | Snapshot : 2148.3% / 164T / 33.4G
| 20260212 16:08:57.570 | INFO | Snapshot : 2167.1% / 164T / 34.5G
| 20260212 16:09:02.569 | INFO | Snapshot : 2113.7% / 164T / 33.9G
| 20260212 16:09:07.570 | INFO | Snapshot : 2089.9% / 164T / 33.5G
| 20260212 16:09:12.569 | INFO | Snapshot : 2148.2% / 164T / 33.0G
| 20260212 16:09:17.569 | INFO | Snapshot : 2129.5% / 164T / 33.1G
| 20260212 16:09:22.570 | INFO | Snapshot : 2066.7% / 164T / 33.7G
| 20260212 16:09:27.569 | INFO | Snapshot : 2156.3% / 164T / 33.6G
| 20260212 16:09:32.571 | INFO | Snapshot : 2128.8% / 164T / 34.0G
| 20260212 16:09:37.569 | INFO | Snapshot : 2095.7% / 164T / 33.4G
| 20260212 16:09:42.569 | INFO | Snapshot : 2115.3% / 164T / 33.6G
| 20260212 16:09:47.569 | INFO | Snapshot : 2077.9% / 164T / 32.8G
| 20260212 16:09:52.569 | INFO | Snapshot : 2043.3% / 164T / 30.0G
| 20260212 16:09:57.569 | INFO | Snapshot : 2056.7% / 164T / 33.8G
| 20260212 16:10:02.569 | INFO | Snapshot : 2015.7% / 164T / 32.5G
| 20260212 16:10:07.569 | INFO | Snapshot : 2012.9% / 164T / 32.7G
| 20260212 16:10:12.569 | INFO | Snapshot : 2040.9% / 164T / 33.6G
| 20260212 16:10:17.574 | INFO | Snapshot : 2143.6% / 164T / 34.1G
| 20260212 16:10:22.589 | INFO | Snapshot : 2103.8% / 164T / 33.8G
| 20260212 16:10:27.569 | INFO | Snapshot : 1975.0% / 164T / 32.7G
| 20260212 16:10:32.570 | INFO | Snapshot : 2057.4% / 164T / 32.8G
| 20260212 16:10:37.569 | INFO | Snapshot : 2069.5% / 164T / 33.4G
| 20260212 16:10:42.569 | INFO | Snapshot : 2048.7% / 164T / 33.1G
| 20260212 16:10:47.569 | INFO | Snapshot : 2057.7% / 164T / 33.3G
| 20260212 16:10:52.569 | INFO | Snapshot : 2145.9% / 164T / 32.9G
| 20260212 16:10:57.569 | INFO | Snapshot : 2137.5% / 164T / 32.9G
| 20260212 16:11:02.572 | INFO | Snapshot : 2045.0% / 164T / 32.9G
| 20260212 16:11:07.571 | INFO | Snapshot : 2141.1% / 164T / 32.9G
| 20260212 16:11:12.569 | INFO | Snapshot : 2098.5% / 164T / 33.3G
| 20260212 16:11:17.569 | INFO | Snapshot : 2104.5% / 164T / 33.3G
| 20260212 16:11:22.569 | INFO | Snapshot : 2117.1% / 164T / 33.1G
| 20260212 16:11:27.569 | INFO | Snapshot : 2105.1% / 164T / 32.2G
| 20260212 16:11:32.571 | INFO | Snapshot : 2064.1% / 164T / 31.9G
| 20260212 16:11:37.570 | INFO | Snapshot : 2089.4% / 164T / 33.1G
| 20260212 16:11:42.569 | INFO | Snapshot : 2108.3% / 164T / 33.2G
| 20260212 16:11:47.569 | INFO | Snapshot : 2114.5% / 164T / 32.7G
| 20260212 16:11:52.571 | INFO | Snapshot : 2081.2% / 164T / 32.5G
| 20260212 16:11:57.570 | INFO | Snapshot : 2063.4% / 164T / 32.4G
| 20260212 16:12:02.569 | INFO | Snapshot : 2107.9% / 164T / 33.3G
| 20260212 16:12:07.580 | INFO | Snapshot : 2156.4% / 164T / 32.7G
| 20260212 16:12:12.569 | INFO | Snapshot : 2146.8% / 164T / 33.4G
| 20260212 16:12:17.570 | INFO | Snapshot : 2084.7% / 164T / 32.9G
| 20260212 16:12:22.569 | INFO | Snapshot : 2090.7% / 164T / 32.7G
| 20260212 16:12:27.571 | INFO | Snapshot : 2070.8% / 164T / 32.4G
| 20260212 16:12:32.569 | INFO | Snapshot : 2087.1% / 164T / 32.2G
| 20260212 16:12:37.570 | INFO | Snapshot : 2107.3% / 164T / 32.3G
| 20260212 16:12:42.569 | INFO | Snapshot : 2116.3% / 164T / 32.4G
| 20260212 16:12:47.569 | INFO | Snapshot : 2074.1% / 164T / 32.6G
| 20260212 16:12:52.569 | INFO | Snapshot : 2134.5% / 164T / 32.6G
| 20260212 16:12:57.570 | INFO | Snapshot : 2036.5% / 164T / 32.9G
| 20260212 16:13:02.569 | INFO | Snapshot : 2040.3% / 164T / 32.1G
| 20260212 16:13:07.569 | INFO | Snapshot : 2119.7% / 164T / 32.6G
| 20260212 16:13:12.569 | INFO | Snapshot : 2116.7% / 164T / 32.4G
| 20260212 16:13:17.569 | INFO | Snapshot : 2074.9% / 164T / 31.7G
| 20260212 16:13:22.570 | INFO | Snapshot : 2120.7% / 164T / 32.6G
| 20260212 16:13:27.569 | INFO | Snapshot : 2083.7% / 164T / 32.4G
| 20260212 16:13:32.569 | INFO | Snapshot : 2097.5% / 164T / 32.6G
| 20260212 16:13:37.569 | INFO | Snapshot : 2058.1% / 164T / 31.9G
| 20260212 16:13:42.569 | INFO | Snapshot : 2035.9% / 164T / 32.2G
| 20260212 16:13:47.570 | INFO | Snapshot : 2119.9% / 164T / 32.0G
| 20260212 16:13:52.569 | INFO | Snapshot : 2153.7% / 164T / 32.8G
| 20260212 16:13:57.569 | INFO | Snapshot : 2115.9% / 164T / 32.1G
| 20260212 16:14:02.569 | INFO | Snapshot : 2121.9% / 164T / 32.1G
| 20260212 16:14:07.570 | INFO | Snapshot : 2009.1% / 164T / 31.7G
| 20260212 16:14:12.569 | INFO | Snapshot : 2073.5% / 164T / 32.1G
| 20260212 16:14:17.569 | INFO | Snapshot : 2115.3% / 164T / 32.2G
| 20260212 16:14:22.581 | INFO | Snapshot : 2152.6% / 164T / 32.4G
| 20260212 16:14:27.569 | INFO | Snapshot : 2118.6% / 164T / 32.4G
| 20260212 16:14:32.569 | INFO | Snapshot : 2127.7% / 164T / 32.2G
| 20260212 16:14:37.570 | INFO | Snapshot : 2010.8% / 164T / 31.8G
| 20260212 16:14:42.569 | INFO | Snapshot : 1997.7% / 164T / 32.0G
| 20260212 16:14:47.570 | INFO | Snapshot : 2117.1% / 164T / 31.5G
| 20260212 16:14:52.569 | INFO | Snapshot : 2043.5% / 164T / 31.5G
| 20260212 16:14:57.569 | INFO | Snapshot : 2010.7% / 164T / 31.9G
| 20260212 16:15:02.569 | INFO | Snapshot : 2069.1% / 164T / 32.3G
| 20260212 16:15:07.570 | INFO | Snapshot : 2041.9% / 164T / 31.5G
| 20260212 16:15:12.569 | INFO | Snapshot : 2056.3% / 164T / 31.9G
| 20260212 16:15:17.569 | INFO | Snapshot : 2077.1% / 164T / 31.4G
| 20260212 16:15:22.571 | INFO | Snapshot : 2016.5% / 164T / 32.1G
| 20260212 16:15:27.569 | INFO | Snapshot : 2072.5% / 164T / 32.2G
| 20260212 16:15:32.578 | INFO | Snapshot : 2043.5% / 164T / 31.9G
| 20260212 16:15:37.569 | INFO | Snapshot : 2077.5% / 164T / 31.4G
| 20260212 16:15:42.573 | INFO | Snapshot : 1987.1% / 164T / 31.8G
| 20260212 16:15:47.570 | INFO | Snapshot : 1980.8% / 164T / 32.0G
| 20260212 16:15:52.569 | INFO | Snapshot : 2069.3% / 164T / 31.4G
| 20260212 16:15:57.570 | INFO | Snapshot : 2098.7% / 164T / 32.0G
| 20260212 16:16:02.569 | INFO | Snapshot : 2053.5% / 164T / 31.3G
| 20260212 16:16:07.569 | INFO | Snapshot : 2009.1% / 164T / 31.6G
| 20260212 16:16:12.569 | INFO | Snapshot : 1972.7% / 164T / 31.8G
| 20260212 16:16:17.570 | INFO | Snapshot : 2051.3% / 164T / 31.6G
| 20260212 16:16:22.570 | INFO | Snapshot : 2067.6% / 164T / 31.4G
| 20260212 16:16:27.569 | INFO | Snapshot : 2072.9% / 164T / 31.3G
| 20260212 16:16:32.570 | INFO | Snapshot : 2093.5% / 164T / 31.8G
| 20260212 16:16:37.569 | INFO | Snapshot : 2017.1% / 164T / 31.5G
| 20260212 16:16:42.570 | INFO | Snapshot : 2058.3% / 164T / 31.6G
| 20260212 16:16:47.570 | INFO | Snapshot : 2034.4% / 164T / 31.7G
| 20260212 16:16:52.569 | INFO | Snapshot : 2059.9% / 164T / 31.4G
| 20260212 16:16:57.570 | INFO | Snapshot : 2036.9% / 164T / 31.1G
| 20260212 16:17:02.569 | INFO | Snapshot : 2064.1% / 164T / 31.3G
| 20260212 16:17:07.569 | INFO | Snapshot : 2054.5% / 164T / 31.3G
| 20260212 16:17:12.569 | INFO | Snapshot : 2007.3% / 164T / 31.2G
| 20260212 16:17:17.574 | INFO | Snapshot : 2032.0% / 164T / 31.2G
| 20260212 16:17:22.570 | INFO | Snapshot : 1969.6% / 164T / 31.4G
| 20260212 16:17:27.570 | INFO | Snapshot : 2051.2% / 164T / 31.3G
| 20260212 16:17:32.570 | INFO | Snapshot : 2064.3% / 164T / 31.4G
| 20260212 16:17:37.569 | INFO | Snapshot : 2026.9% / 164T / 31.5G
| 20260212 16:17:42.569 | INFO | Snapshot : 2024.5% / 164T / 31.6G
| 20260212 16:17:47.570 | INFO | Snapshot : 1994.5% / 164T / 30.7G
| 20260212 16:17:52.569 | INFO | Snapshot : 2019.7% / 164T / 31.4G
| 20260212 16:17:57.569 | INFO | Snapshot : 1962.9% / 164T / 31.0G
| 20260212 16:18:02.569 | INFO | Snapshot : 2017.5% / 164T / 31.0G
| 20260212 16:18:07.570 | INFO | Snapshot : 2068.1% / 164T / 31.6G
| 20260212 16:18:12.569 | INFO | Snapshot : 2062.5% / 164T / 31.0G
| 20260212 16:18:17.569 | INFO | Snapshot : 2017.5% / 164T / 31.3G
| 20260212 16:18:22.571 | INFO | Snapshot : 1998.2% / 164T / 31.1G
| 20260212 16:18:27.569 | INFO | Snapshot : 1939.3% / 164T / 30.9G
| 20260212 16:18:32.570 | INFO | Snapshot : 1924.9% / 164T / 31.1G
| 20260212 16:18:37.569 | INFO | Snapshot : 2077.1% / 164T / 31.2G
| 20260212 16:18:42.571 | INFO | Snapshot : 2049.2% / 164T / 30.8G
| 20260212 16:18:47.569 | INFO | Snapshot : 1979.1% / 164T / 30.8G
| 20260212 16:18:52.579 | INFO | Snapshot : 1997.2% / 164T / 31.0G
| 20260212 16:18:57.569 | INFO | Snapshot : 1944.4% / 164T / 31.2G
| 20260212 16:19:02.570 | INFO | Snapshot : 1973.1% / 164T / 31.0G
| 20260212 16:19:07.569 | INFO | Snapshot : 1986.4% / 164T / 30.7G
| 20260212 16:19:12.571 | INFO | Snapshot : 1951.6% / 164T / 30.6G
| 20260212 16:19:17.569 | INFO | Snapshot : 1975.5% / 164T / 31.5G
| 20260212 16:19:22.569 | INFO | Snapshot : 2070.3% / 164T / 31.2G
| 20260212 16:19:27.569 | INFO | Snapshot : 1990.3% / 164T / 31.0G
| 20260212 16:19:32.569 | INFO | Snapshot : 1976.1% / 164T / 30.8G
| 20260212 16:19:37.569 | INFO | Snapshot : 1949.5% / 164T / 30.4G
| 20260212 16:19:42.569 | INFO | Snapshot : 1936.5% / 164T / 31.1G
| 20260212 16:19:47.570 | INFO | Snapshot : 1998.7% / 164T / 30.7G
| 20260212 16:19:52.569 | INFO | Snapshot : 2007.5% / 164T / 30.6G
| 20260212 16:19:57.569 | INFO | Snapshot : 2090.3% / 164T / 30.7G
| 20260212 16:20:02.569 | INFO | Snapshot : 2021.9% / 164T / 31.0G
| 20260212 16:20:07.570 | INFO | Snapshot : 2011.9% / 164T / 31.2G
| 20260212 16:20:12.578 | INFO | Snapshot : 1955.7% / 164T / 30.4G
| 20260212 16:20:17.569 | INFO | Snapshot : 1987.3% / 164T / 30.5G
| 20260212 16:20:22.570 | INFO | Snapshot : 2019.9% / 164T / 30.7G
| 20260212 16:20:27.569 | INFO | Snapshot : 1954.3% / 164T / 30.8G
| 20260212 16:20:32.569 | INFO | Snapshot : 2128.7% / 164T / 30.9G
| 20260212 16:20:37.569 | INFO | Snapshot : 2130.3% / 164T / 31.1G
| 20260212 16:20:42.569 | INFO | Snapshot : 2016.7% / 164T / 30.7G
| 20260212 16:20:47.575 | INFO | Snapshot : 1972.2% / 164T / 30.2G
| 20260212 16:20:52.571 | INFO | Snapshot : 1923.9% / 164T / 30.5G
| 20260212 16:20:57.569 | INFO | Snapshot : 1862.9% / 164T / 30.6G
| 20260212 16:21:02.569 | INFO | Snapshot : 1978.9% / 164T / 30.9G
| 20260212 16:21:07.571 | INFO | Snapshot : 2038.7% / 164T / 30.4G
| 20260212 16:21:12.569 | INFO | Snapshot : 2100.9% / 164T / 30.5G
| 20260212 16:21:17.570 | INFO | Snapshot : 2002.9% / 164T / 30.4G
| 20260212 16:21:22.569 | INFO | Snapshot : 1972.7% / 164T / 30.6G
| 20260212 16:21:27.569 | INFO | Snapshot : 1973.9% / 164T / 30.7G
| 20260212 16:21:32.569 | INFO | Snapshot : 1976.7% / 164T / 30.6G
| 20260212 16:21:37.569 | INFO | Snapshot : 1918.1% / 164T / 30.7G
| 20260212 16:21:42.570 | INFO | Snapshot : 2038.5% / 164T / 30.4G
| 20260212 16:21:47.569 | INFO | Snapshot : 2037.7% / 164T / 30.3G
| 20260212 16:21:52.570 | INFO | Snapshot : 2014.2% / 164T / 30.5G
| 20260212 16:21:57.569 | INFO | Snapshot : 2044.5% / 164T / 30.9G
| 20260212 16:22:02.569 | INFO | Snapshot : 2063.9% / 164T / 30.6G
| 20260212 16:22:07.569 | INFO | Snapshot : 1898.1% / 164T / 30.2G
| 20260212 16:22:12.569 | INFO | Snapshot : 1951.7% / 164T / 30.4G
| 20260212 16:22:17.569 | INFO | Snapshot : 2004.7% / 164T / 30.8G
| 20260212 16:22:22.569 | INFO | Snapshot : 2017.7% / 164T / 29.9G
| 20260212 16:22:27.569 | INFO | Snapshot : 1945.9% / 164T / 30.5G
| 20260212 16:22:32.569 | INFO | Snapshot : 1969.1% / 164T / 30.4G
| 20260212 16:22:37.569 | INFO | Snapshot : 2044.5% / 164T / 30.5G
| 20260212 16:22:42.569 | INFO | Snapshot : 2070.5% / 164T / 30.1G
| 20260212 16:22:47.570 | INFO | Snapshot : 1968.0% / 164T / 30.1G
| 20260212 16:22:52.570 | INFO | Snapshot : 1955.7% / 164T / 30.3G
| 20260212 16:22:57.569 | INFO | Snapshot : 1932.5% / 164T / 30.2G
| 20260212 16:23:02.570 | INFO | Snapshot : 1984.7% / 164T / 29.7G
| 20260212 16:23:07.569 | INFO | Snapshot : 1991.1% / 164T / 30.5G
| 20260212 16:23:12.569 | INFO | Snapshot : 1991.9% / 164T / 30.5G
| 20260212 16:23:17.569 | INFO | Snapshot : 1951.7% / 164T / 30.5G
| 20260212 16:23:22.569 | INFO | Snapshot : 2025.1% / 164T / 30.2G
| 20260212 16:23:27.569 | INFO | Snapshot : 2142.7% / 164T / 30.2G
| 20260212 16:23:32.569 | INFO | Snapshot : 2066.7% / 164T / 30.4G
| 20260212 16:23:37.570 | INFO | Snapshot : 1998.5% / 164T / 30.2G
| 20260212 16:23:42.569 | INFO | Snapshot : 1968.5% / 164T / 30.8G
| 20260212 16:23:47.570 | INFO | Snapshot : 2005.1% / 164T / 30.2G
| 20260212 16:23:52.569 | INFO | Snapshot : 1912.9% / 164T / 29.9G
| 20260212 16:23:57.569 | INFO | Snapshot : 1989.3% / 164T / 30.0G
| 20260212 16:24:02.569 | INFO | Snapshot : 1985.9% / 164T / 30.1G
| 20260212 16:24:07.569 | INFO | Snapshot : 2053.7% / 164T / 29.9G
| 20260212 16:24:12.570 | INFO | Snapshot : 1999.3% / 164T / 30.1G
| 20260212 16:24:17.569 | INFO | Snapshot : 2095.7% / 164T / 30.4G
| 20260212 16:24:22.569 | INFO | Snapshot : 2011.1% / 164T / 30.4G
| 20260212 16:24:27.569 | INFO | Snapshot : 1984.9% / 164T / 30.3G
| 20260212 16:24:32.569 | INFO | Snapshot : 1947.5% / 164T / 29.7G
| 20260212 16:24:37.570 | INFO | Snapshot : 1983.5% / 164T / 30.0G
| 20260212 16:24:42.569 | INFO | Snapshot : 2001.7% / 164T / 30.0G
| 20260212 16:24:47.569 | INFO | Snapshot : 2001.3% / 164T / 29.9G
| 20260212 16:24:52.569 | INFO | Snapshot : 1981.9% / 164T / 30.0G
| 20260212 16:24:57.569 | INFO | Snapshot : 1957.7% / 164T / 30.1G
| 20260212 16:25:02.570 | INFO | Snapshot : 2067.1% / 164T / 30.1G
| 20260212 16:25:07.569 | INFO | Snapshot : 1917.9% / 164T / 30.2G
| 20260212 16:25:12.569 | INFO | Snapshot : 1958.1% / 164T / 30.2G
| 20260212 16:25:17.569 | INFO | Snapshot : 1958.9% / 164T / 30.2G
| 20260212 16:25:22.570 | INFO | Snapshot : 1948.9% / 164T / 29.7G
| 20260212 16:25:27.569 | INFO | Snapshot : 1998.3% / 164T / 29.9G
| 20260212 16:25:32.569 | INFO | Snapshot : 1876.1% / 164T / 30.0G
| 20260212 16:25:37.569 | INFO | Snapshot : 1918.3% / 164T / 29.6G
| 20260212 16:25:42.569 | INFO | Snapshot : 1971.1% / 164T / 29.9G
| 20260212 16:25:47.570 | INFO | Snapshot : 1979.1% / 164T / 30.0G
| 20260212 16:25:52.569 | INFO | Snapshot : 1999.5% / 164T / 30.3G
| 20260212 16:25:57.569 | INFO | Snapshot : 2031.1% / 164T / 29.8G
| 20260212 16:26:02.571 | INFO | Snapshot : 1904.6% / 164T / 29.9G
| 20260212 16:26:07.570 | INFO | Snapshot : 1939.9% / 164T / 29.9G
| 20260212 16:26:12.569 | INFO | Snapshot : 1953.7% / 164T / 30.2G
| 20260212 16:26:17.571 | INFO | Snapshot : 1937.0% / 164T / 29.9G
| 20260212 16:26:22.569 | INFO | Snapshot : 2026.7% / 164T / 29.9G
| 20260212 16:26:27.569 | INFO | Snapshot : 1923.5% / 164T / 29.8G
| 20260212 16:26:32.570 | INFO | Snapshot : 1972.1% / 164T / 29.6G
| 20260212 16:26:37.569 | INFO | Snapshot : 1993.9% / 164T / 30.0G
| 20260212 16:26:42.569 | INFO | Snapshot : 2093.7% / 164T / 29.7G
| 20260212 16:26:47.569 | INFO | Snapshot : 1921.3% / 164T / 29.3G
| 20260212 16:26:52.569 | INFO | Snapshot : 1857.5% / 164T / 29.8G
| 20260212 16:26:57.570 | INFO | Snapshot : 1930.1% / 164T / 29.8G
| 20260212 16:27:02.569 | INFO | Snapshot : 1916.7% / 164T / 29.9G
| 20260212 16:27:07.569 | INFO | Snapshot : 1898.9% / 164T / 29.8G
| 20260212 16:27:12.569 | INFO | Snapshot : 1989.1% / 164T / 29.9G
| 20260212 16:27:17.570 | INFO | Snapshot : 1932.7% / 164T / 29.7G
| 20260212 16:27:22.579 | INFO | Snapshot : 1968.4% / 164T / 29.4G
| 20260212 16:27:27.569 | INFO | Snapshot : 2001.3% / 164T / 29.9G
| 20260212 16:27:32.570 | INFO | Snapshot : 2040.1% / 164T / 29.8G
| 20260212 16:27:37.569 | INFO | Snapshot : 1933.7% / 164T / 29.7G
| 20260212 16:27:42.569 | INFO | Snapshot : 1912.1% / 164T / 29.8G
| 20260212 16:27:47.569 | INFO | Snapshot : 1871.1% / 164T / 29.5G
| 20260212 16:27:52.570 | INFO | Snapshot : 1929.0% / 164T / 29.5G
| 20260212 16:27:57.570 | INFO | Snapshot : 1889.9% / 164T / 29.5G
| 20260212 16:28:02.569 | INFO | Snapshot : 1968.3% / 164T / 29.9G
| 20260212 16:28:07.569 | INFO | Snapshot : 1980.5% / 164T / 29.5G
| 20260212 16:28:12.569 | INFO | Snapshot : 1949.7% / 164T / 29.1G
| 20260212 16:28:17.570 | INFO | Snapshot : 1977.5% / 164T / 29.5G
| 20260212 16:28:22.569 | INFO | Snapshot : 2121.3% / 164T / 29.4G
| 20260212 16:28:27.570 | INFO | Snapshot : 1949.1% / 164T / 29.6G
| 20260212 16:28:32.569 | INFO | Snapshot : 1896.3% / 164T / 29.4G
| 20260212 16:28:37.569 | INFO | Snapshot : 1872.1% / 164T / 29.3G
| 20260212 16:28:42.569 | INFO | Snapshot : 1941.5% / 164T / 29.3G
| 20260212 16:28:47.569 | INFO | Snapshot : 1903.5% / 164T / 29.5G
| 20260212 16:28:52.577 | INFO | Snapshot : 1987.5% / 164T / 29.4G
| 20260212 16:28:57.569 | INFO | Snapshot : 1969.2% / 164T / 29.7G
| 20260212 16:29:02.570 | INFO | Snapshot : 1989.5% / 164T / 29.5G
| 20260212 16:29:07.569 | INFO | Snapshot : 2116.5% / 164T / 29.7G
| 20260212 16:29:12.569 | INFO | Snapshot : 2101.3% / 164T / 29.4G
| 20260212 16:29:17.569 | INFO | Snapshot : 1937.7% / 164T / 29.3G
| 20260212 16:29:22.570 | INFO | Snapshot : 1956.5% / 164T / 29.1G
| 20260212 16:29:27.569 | INFO | Snapshot : 1892.9% / 164T / 28.9G
| 20260212 16:29:32.569 | INFO | Snapshot : 1852.5% / 164T / 28.5G
| 20260212 16:29:37.569 | INFO | Snapshot : 1899.7% / 164T / 28.7G
| 20260212 16:29:42.569 | INFO | Snapshot : 2014.5% / 164T / 29.2G
| 20260212 16:29:47.569 | INFO | Snapshot : 2125.1% / 164T / 29.1G
| 20260212 16:29:52.569 | INFO | Snapshot : 2016.0% / 164T / 29.1G
| 20260212 16:29:57.569 | INFO | Snapshot : 2103.3% / 164T / 29.3G
| 20260212 16:30:02.570 | INFO | Snapshot : 2120.5% / 164T / 29.2G
| 20260212 16:30:07.569 | INFO | Snapshot : 2023.9% / 164T / 28.9G
| 20260212 16:30:12.569 | INFO | Snapshot : 2062.5% / 164T / 29.3G
| 20260212 16:30:17.569 | INFO | Snapshot : 2035.1% / 164T / 29.0G
| 20260212 16:30:22.570 | INFO | Snapshot : 1986.2% / 164T / 28.3G
| 20260212 16:30:27.570 | INFO | Snapshot : 2152.1% / 164T / 28.7G
| 20260212 16:30:32.569 | INFO | Snapshot : 2134.1% / 164T / 29.0G
| 20260212 16:30:37.570 | INFO | Snapshot : 2168.7% / 164T / 28.8G
| 20260212 16:30:42.569 | INFO | Snapshot : 2248.0% / 164T / 29.1G
| 20260212 16:30:47.569 | INFO | Snapshot : 2313.0% / 164T / 28.6G
| 20260212 16:30:52.573 | INFO | Snapshot : 2184.6% / 164T / 28.6G
| 20260212 16:30:57.569 | INFO | Snapshot : 2280.3% / 164T / 28.3G
| 20260212 16:31:02.569 | INFO | Snapshot : 2191.7% / 164T / 28.1G
| 20260212 16:31:07.570 | INFO | Snapshot : 2216.3% / 164T / 28.0G
| 20260212 16:31:12.569 | INFO | Snapshot : 2351.4% / 164T / 28.0G
| 20260212 16:31:17.752 | INFO | Snapshot : 2348.1% / 164T / 28.6G
| 20260212 16:31:22.569 | INFO | Snapshot : 2389.4% / 164T / 28.6G
| 20260212 16:31:27.577 | INFO | Snapshot : 2415.1% / 164T / 28.9G
| 20260212 16:31:32.569 | INFO | Snapshot : 2455.0% / 164T / 28.3G
| 20260212 16:31:37.570 | INFO | Snapshot : 2440.5% / 164T / 28.0G
| 20260212 16:31:42.576 | INFO | Snapshot : 2498.1% / 164T / 27.8G
| 20260212 16:31:47.570 | INFO | Snapshot : 2525.4% / 164T / 27.8G
| 20260212 16:31:52.569 | INFO | Snapshot : 2520.6% / 164T / 27.9G
| 20260212 16:31:57.570 | INFO | Snapshot : 2546.7% / 164T / 28.0G
| 20260212 16:32:02.579 | INFO | Snapshot : 2536.2% / 164T / 27.9G
| 20260212 16:32:07.573 | INFO | Snapshot : 2555.1% / 164T / 27.6G
| 20260212 16:32:12.569 | INFO | Snapshot : 2556.8% / 164T / 27.3G
| 20260212 16:32:17.576 | INFO | Snapshot : 2553.4% / 164T / 27.2G
| 20260212 16:32:22.599 | INFO | Snapshot : 2562.2% / 164T / 27.3G
| 20260212 16:32:27.570 | INFO | Snapshot : 2562.7% / 164T / 27.2G
| 20260212 16:32:32.578 | INFO | Snapshot : 2563.3% / 164T / 27.0G
| 20260212 16:32:37.569 | INFO | Snapshot : 2563.3% / 164T / 27.1G
| 20260212 16:32:42.577 | INFO | Snapshot : 2563.6% / 164T / 26.9G
| 20260212 16:32:47.570 | INFO | Snapshot : 2563.2% / 164T / 26.8G
| 20260212 16:32:52.569 | INFO | Snapshot : 2563.6% / 164T / 26.8G
| 20260212 16:32:57.570 | INFO | Snapshot : 2556.8% / 164T / 26.6G
| 20260212 16:33:02.570 | INFO | Snapshot : 2559.2% / 164T / 26.9G
| 20260212 16:33:07.570 | INFO | Snapshot : 2563.6% / 164T / 26.5G
| 20260212 16:33:12.570 | INFO | Snapshot : 2563.6% / 164T / 26.5G
| 20260212 16:33:17.569 | INFO | Snapshot : 2546.0% / 164T / 26.7G
| 20260212 16:33:22.578 | INFO | Snapshot : 2521.2% / 164T / 26.6G
| 20260212 16:33:27.572 | INFO | Snapshot : 2557.1% / 164T / 26.6G
| 20260212 16:33:32.579 | INFO | Snapshot : 2511.5% / 164T / 26.6G
| 20260212 16:33:37.570 | INFO | Snapshot : 2562.2% / 164T / 26.5G
| 20260212 16:33:42.570 | INFO | Snapshot : 2563.0% / 164T / 27.0G
| 20260212 16:33:47.569 | INFO | Snapshot : 2563.8% / 164T / 27.3G
| 20260212 16:33:52.576 | INFO | Snapshot : 2547.5% / 164T / 27.5G
| 20260212 16:33:57.570 | INFO | Snapshot : 2565.7% / 164T / 27.5G
| 20260212 16:34:02.574 | INFO | Snapshot : 2565.6% / 164T / 27.4G
| 20260212 16:34:07.570 | INFO | Snapshot : 2569.2% / 164T / 27.4G
| 20260212 16:34:12.570 | INFO | Snapshot : 2563.6% / 164T / 27.4G
| 20260212 16:34:17.570 | INFO | Snapshot : 2565.2% / 164T / 27.4G
| 20260212 16:34:22.570 | INFO | Snapshot : 2568.8% / 164T / 27.4G
| 20260212 16:34:27.570 | INFO | Snapshot : 2566.4% / 164T / 27.4G
| 20260212 16:34:32.570 | INFO | Snapshot : 2569.4% / 164T / 27.4G
| 20260212 16:34:37.570 | INFO | Snapshot : 2565.0% / 164T / 27.4G
| 20260212 16:34:42.570 | INFO | Snapshot : 2565.6% / 164T / 27.5G
| 20260212 16:34:47.570 | INFO | Snapshot : 2565.4% / 164T / 27.5G
| 20260212 16:34:52.574 | INFO | Snapshot : 2566.4% / 164T / 27.4G
| 20260212 16:34:57.570 | INFO | Snapshot : 2563.0% / 164T / 27.4G
| 20260212 16:35:02.573 | INFO | Snapshot : 2567.2% / 164T / 27.4G
| 20260212 16:35:07.570 | INFO | Snapshot : 2568.5% / 164T / 27.4G
| 20260212 16:35:12.569 | INFO | Snapshot : 2568.2% / 164T / 27.4G
| 20260212 16:35:17.570 | INFO | Snapshot : 2569.2% / 164T / 27.4G
| 20260212 16:35:22.570 | INFO | Snapshot : 2569.2% / 164T / 27.4G
| 20260212 16:35:27.570 | INFO | Snapshot : 2568.0% / 164T / 27.4G
| 20260212 16:35:32.577 | INFO | Snapshot : 2568.8% / 164T / 27.4G
| 20260212 16:35:37.570 | INFO | Snapshot : 2568.8% / 164T / 27.4G
| 20260212 16:35:42.570 | INFO | Snapshot : 2567.6% / 164T / 27.4G
| 20260212 16:35:47.570 | INFO | Snapshot : 2569.2% / 164T / 27.4G
| 20260212 16:35:52.573 | INFO | Snapshot : 2569.0% / 164T / 27.4G
| 20260212 16:35:57.570 | INFO | Snapshot : 2564.1% / 164T / 27.5G
| 20260212 16:36:02.570 | INFO | Snapshot : 2568.2% / 164T / 27.5G
| 20260212 16:36:07.570 | INFO | Snapshot : 2568.6% / 164T / 27.5G
| 20260212 16:36:12.570 | INFO | Snapshot : 2569.4% / 164T / 27.5G
| 20260212 16:36:17.570 | INFO | Snapshot : 2569.8% / 164T / 27.5G
| 20260212 16:36:22.570 | INFO | Snapshot : 2567.4% / 164T / 27.5G
| 20260212 16:36:27.570 | INFO | Snapshot : 2568.4% / 164T / 27.5G
| 20260212 16:36:32.570 | INFO | Snapshot : 2569.0% / 164T / 27.5G
| 20260212 16:36:37.570 | INFO | Snapshot : 2568.0% / 164T / 27.5G
| 20260212 16:36:42.575 | INFO | Snapshot : 2568.0% / 164T / 27.5G
| 20260212 16:36:47.570 | INFO | Snapshot : 2568.6% / 164T / 27.5G
| 20260212 16:36:52.570 | INFO | Snapshot : 2567.2% / 164T / 27.5G
| 20260212 16:36:57.570 | INFO | Snapshot : 2568.6% / 164T / 27.5G
| 20260212 16:37:02.570 | INFO | Snapshot : 2567.4% / 164T / 27.5G
| 20260212 16:37:07.570 | INFO | Snapshot : 2567.2% / 164T / 27.5G
| 20260212 16:37:12.580 | INFO | Snapshot : 2566.3% / 164T / 27.5G
| 20260212 16:37:17.570 | INFO | Snapshot : 2566.7% / 164T / 27.5G
| 20260212 16:37:22.570 | INFO | Snapshot : 2567.0% / 164T / 27.5G
| 20260212 16:37:27.569 | INFO | Snapshot : 2565.6% / 164T / 27.5G
| 20260212 16:37:32.577 | INFO | Snapshot : 2566.8% / 164T / 27.5G
| 20260212 16:37:37.570 | INFO | Snapshot : 2567.0% / 164T / 27.5G
| 20260212 16:37:42.570 | INFO | Snapshot : 2566.8% / 164T / 27.5G
| 20260212 16:37:47.570 | INFO | Snapshot : 2565.0% / 164T / 27.5G
| 20260212 16:37:52.577 | INFO | Snapshot : 2565.2% / 164T / 27.5G
| 20260212 16:37:57.570 | INFO | Snapshot : 2565.8% / 164T / 27.5G
| 20260212 16:38:02.569 | INFO | Snapshot : 2565.2% / 164T / 27.5G
| 20260212 16:38:07.576 | INFO | Snapshot : 2565.9% / 164T / 27.5G
| 20260212 16:38:12.570 | INFO | Snapshot : 2566.1% / 164T / 27.5G
| 20260212 16:38:17.570 | INFO | Snapshot : 2567.2% / 164T / 27.5G
| 20260212 16:38:22.579 | INFO | Snapshot : 2566.6% / 164T / 27.5G
| 20260212 16:38:27.570 | INFO | Snapshot : 2564.8% / 164T / 27.5G
| 20260212 16:38:32.583 | INFO | Snapshot : 2566.5% / 164T / 27.5G
| 20260212 16:38:37.570 | INFO | Snapshot : 2566.1% / 164T / 27.5G
| 20260212 16:38:42.579 | INFO | Snapshot : 2564.8% / 164T / 27.5G
| 20260212 16:38:47.574 | INFO | Snapshot : 2566.4% / 164T / 27.5G
| 20260212 16:38:52.570 | INFO | Snapshot : 2566.2% / 164T / 27.5G
| 20260212 16:38:57.571 | INFO | Snapshot : 2565.7% / 164T / 27.5G
| 20260212 16:39:02.569 | INFO | Snapshot : 2564.7% / 164T / 27.5G
| 20260212 16:39:07.574 | INFO | Snapshot : 2565.3% / 164T / 27.5G
| 20260212 16:39:12.571 | INFO | Snapshot : 2565.6% / 164T / 27.5G
| 20260212 16:39:17.570 | INFO | Snapshot : 2564.9% / 164T / 27.5G
| 20260212 16:39:22.569 | INFO | Snapshot : 2565.0% / 164T / 27.5G
| 20260212 16:39:27.569 | INFO | Snapshot : 2565.3% / 164T / 27.5G
| 20260212 16:39:32.570 | INFO | Snapshot : 2564.1% / 164T / 27.5G
| 20260212 16:39:37.569 | INFO | Snapshot : 2563.6% / 164T / 27.5G
| 20260212 16:39:42.576 | INFO | Snapshot : 2563.9% / 164T / 27.5G
| 20260212 16:39:43.513 | INFO | Consensus             : 36m 20s 
| 20260212 16:39:43.515 | INFO | Write transcript BAM
| 20260212 16:39:47.576 | INFO | Snapshot : 2361.6% / 84T / 27.5G
| 20260212 16:39:52.569 | INFO | Snapshot : 2373.0% / 84T / 27.5G
| 20260212 16:39:57.571 | INFO | Snapshot : 2319.8% / 84T / 27.6G
| 20260212 16:40:02.569 | INFO | Snapshot : 2309.6% / 84T / 27.6G
| 20260212 16:40:07.569 | INFO | Snapshot : 1797.1% / 165T / 27.8G
| 20260212 16:40:12.569 | INFO | Snapshot : 668.0% / 165T / 27.8G
| 20260212 16:40:14.630 | INFO | Write transcript BAM  : 31s 114ms 
| 20260212 16:40:15.140 | INFO | Remove temp file      : 661us 792ns 
| 20260212 16:40:17.569 | INFO | Snapshot : 300.0% / 3T / 27.5G
| 20260212 16:40:22.571 | INFO | Run Time : 1h 14m 
| 20260212 16:40:22.571 | INFO | CPU Time : 1d 2h 
| 20260212 16:40:22.571 | INFO | Peak RSS : 54.514 GB
| 20260212 16:40:22.571 | INFO | Exit code : 0
